###############################################################################
#
# IAR ELF Linker V8.40.2.214/W32 for ARM                  21/Mar/2020  14:05:07
# Copyright 2007-2019 IAR Systems AB.
#
#    Output file  =  C:\GitHub\RtosWrapper\Debug\Exe\iarproject.out
#    Map file     =  C:\GitHub\RtosWrapper\Debug\List\iarproject.map
#    Command line =
#        -f C:\Users\Serge\AppData\Local\Temp\EW6B47.tmp
#        (C:\GitHub\RtosWrapper\Debug\Obj\croutine.o
#        C:\GitHub\RtosWrapper\Debug\Obj\event_groups.o
#        C:\GitHub\RtosWrapper\Debug\Obj\irqcontroller.o
#        C:\GitHub\RtosWrapper\Debug\Obj\Led1Task.o
#        C:\GitHub\RtosWrapper\Debug\Obj\list.o
#        C:\GitHub\RtosWrapper\Debug\Obj\main.o
#        C:\GitHub\RtosWrapper\Debug\Obj\mytask.o
#        C:\GitHub\RtosWrapper\Debug\Obj\port.o
#        C:\GitHub\RtosWrapper\Debug\Obj\portasm.o
#        C:\GitHub\RtosWrapper\Debug\Obj\queue.o
#        C:\GitHub\RtosWrapper\Debug\Obj\startupF411RE.o
#        C:\GitHub\RtosWrapper\Debug\Obj\tasks.o
#        C:\GitHub\RtosWrapper\Debug\Obj\timers.o --no_out_extension -o
#        C:\GitHub\RtosWrapper\Debug\Exe\iarproject.out --map
#        C:\GitHub\RtosWrapper\Debug\List\iarproject.map --log
#        libraries,initialization,modules,redirects,sections,veneers,unused_fragments,call_graph
#        --log_file C:\GitHub\RtosWrapper\Debug\List\iarproject.log --config
#        C:\GitHub\RtosWrapper\stm32f411xE.icf --semihosting --entry
#        __iar_program_start --vfe --text_out locale)
#
###############################################################################

*******************************************************************************
*** RUNTIME MODEL ATTRIBUTES
***

CppFlavor                     = *
__CPP_Exceptions              = Disabled
__CPP_Language                = C++14
__Heap_Handler                = Basic
__SystemLibrary               = DLib
__dlib_dynamic_initialization = normal
__dlib_version                = 6


*******************************************************************************
*** HEAP SELECTION
***

The basic heap was selected because no calls to memory allocation
functions were found in the application outside of system library
functions, and there are calls to deallocation functions in the
application.


*******************************************************************************
*** PLACEMENT SUMMARY
***

"A0":  place at address 0x800'0000 { ro section .intvec };
"P1":  place in [from 0x800'0000 to 0x807'ffff] { ro };
define block CSTACK with size = 256, alignment = 8 { };
define block HEAP with size = 0, alignment = 8 { };
"P2":  place in [from 0x2000'0000 to 0x2001'ffff] {
          rw, block CSTACK, block HEAP };
initialize by copy { rw };

  Section                Kind         Address    Size  Object
  -------                ----         -------    ----  ------
"A0":                                           0x198
  .intvec                const     0x800'0000   0x198  startupF411RE.o [1]
                                 - 0x800'0198   0x198

"P1":                                          0x2bcc
  .text                  ro code   0x800'0198   0x8c0  tasks.o [1]
  .text                  ro code   0x800'0a58    0x98  list.o [1]
  .text                  ro code   0x800'0af0   0x184  port.o [1]
  .text                  ro code   0x800'0c74   0x3b4  timers.o [1]
  CODE                   ro code   0x800'1028    0xa8  portasm.o [1]
  .text                  ro code   0x800'10d0   0x60e  queue.o [1]
  .text                  ro code   0x800'16de    0x3a  zero_init3.o [5]
  .text                  ro code   0x800'1718    0xa6  ABImemcpy.o [5]
  .text                  ro code   0x800'17be    0x2e  copy_init3.o [5]
  .text                  ro code   0x800'17ec   0x274  I64DivMod.o [5]
  .text                  ro code   0x800'1a60     0x2  I64DivZer.o [5]
  .text                  ro code   0x800'1a62     0x2  irqcontroller.o [1]
  .text                  ro code   0x800'1a64   0x1ac  event_groups.o [1]
  .text                  ro code   0x800'1c10   0x16c  main.o [1]
  .text                  ro code   0x800'1d7c    0x2c  main.o [1]
  .text                  ro code   0x800'1da8     0xa  cxxabi.o [3]
  .rodata                const     0x800'1db2     0x1  unwind_debug.o [6]
  .text                  ro code   0x800'1db4    0x24  main.o [1]
  .text                  ro code   0x800'1dd8    0x24  main.o [1]
  .text                  ro code   0x800'1dfc    0x66  ABImemset.o [5]
  .text                  ro code   0x800'1e64    0x3c  main.o [1]
  .text                  ro code   0x800'1ea0    0x18  main.o [1]
  .text                  ro code   0x800'1eb8    0x18  main.o [1]
  .text                  ro code   0x800'1ed0    0x18  main.o [1]
  .text                  ro code   0x800'1ee8    0x18  main.o [1]
  .text                  ro code   0x800'1f00    0x60  main.o [1]
  .text                  ro code   0x800'1f60    0x14  main.o [1]
  .text                  ro code   0x800'1f74    0x18  main.o [1]
  .text                  ro code   0x800'1f8c    0x10  main.o [1]
  .text                  ro code   0x800'1f9c    0x18  main.o [1]
  .text                  ro code   0x800'1fb4    0x14  main.o [1]
  .text                  ro code   0x800'1fc8    0x14  main.o [1]
  .text                  ro code   0x800'1fdc    0x14  main.o [1]
  .text                  ro code   0x800'1ff0    0x1c  main.o [1]
  .text                  ro code   0x800'200c    0x22  main.o [1]
  .text                  ro code   0x800'202e    0x22  main.o [1]
  .text                  ro code   0x800'2050     0x8  main.o [1]
  .text                  ro code   0x800'2058    0x1c  mytask.o [1]
  .text                  ro code   0x800'2074     0x4  mytask.o [1]
  .text                  ro code   0x800'2078     0x8  main.o [1]
  .text                  ro code   0x800'2080    0xa0  cppinit.o [2]
  .text                  ro code   0x800'2120     0x8  main.o [1]
  .text                  ro code   0x800'2128    0x10  main.o [1]
  .text                  ro code   0x800'2138     0x8  main.o [1]
  .text                  ro code   0x800'2140    0x10  main.o [1]
  .text                  ro code   0x800'2150     0x2  main.o [1]
  .text                  ro code   0x800'2154    0x2c  main.o [1]
  .text                  ro code   0x800'2180    0x2c  main.o [1]
  .text                  ro code   0x800'21ac     0x8  main.o [1]
  .text                  ro code   0x800'21b4     0x6  mytask.o [1]
  .text                  ro code   0x800'21ba     0x6  mytask.o [1]
  .text                  ro code   0x800'21c0     0xe  main.o [1]
  .text                  ro code   0x800'21ce     0x8  main.o [1]
  .text                  ro code   0x800'21d6     0x2  main.o [1]
  .text                  ro code   0x800'21d8     0x8  main.o [1]
  .text                  ro code   0x800'21e0     0x8  main.o [1]
  .text                  ro code   0x800'21e8     0x2  main.o [1]
  .text                  ro code   0x800'21ea     0x2  main.o [1]
  .text                  ro code   0x800'21ec     0xa  main.o [1]
  .text                  ro code   0x800'21f8    0xbc  Led1Task.o [1]
  .text                  ro code   0x800'22b4     0xe  Led1Task.o [1]
  .text                  ro code   0x800'22c2    0x2e  Led1Task.o [1]
  .text                  ro code   0x800'22f0    0x1c  Led1Task.o [1]
  .text                  ro code   0x800'230c    0x18  Led1Task.o [1]
  .text                  ro code   0x800'2324     0x4  Led1Task.o [1]
  .text                  ro code   0x800'2328     0x6  Led1Task.o [1]
  .text                  ro code   0x800'232e     0x4  Led1Task.o [1]
  .rodata                const     0x800'2334    0x44  main.o [1]
  .rodata                const     0x800'2378    0x44  main.o [1]
  .rodata                const     0x800'23bc    0x44  main.o [1]
  .rodata                const     0x800'2400    0x44  main.o [1]
  .rodata                const     0x800'2444    0x44  main.o [1]
  .rodata                const     0x800'2488    0x44  main.o [1]
  .text                  ro code   0x800'24cc    0x44  main.o [1]
  .text                  ro code   0x800'2510     0xc  main.o [1]
  .text                  ro code   0x800'251c     0x8  main.o [1]
  .text                  ro code   0x800'2524     0x6  main.o [1]
  .text                  ro code   0x800'252a     0x4  main.o [1]
  .text                  ro code   0x800'252e     0x4  main.o [1]
  .text                  ro code   0x800'2532    0x40  main.o [1]
  .text                  ro code   0x800'2572    0x14  main.o [1]
  .text                  ro code   0x800'2586    0x14  main.o [1]
  .text                  ro code   0x800'259a     0x8  main.o [1]
  .text                  ro code   0x800'25a2     0x4  main.o [1]
  .text                  ro code   0x800'25a6     0xe  main.o [1]
  .text                  ro code   0x800'25b4    0x14  main.o [1]
  .text                  ro code   0x800'25c8     0x8  main.o [1]
  .text                  ro code   0x800'25d0     0xe  main.o [1]
  .text                  ro code   0x800'25de     0x4  main.o [1]
  .text                  ro code   0x800'25e2     0x8  main.o [1]
  .text                  ro code   0x800'25ea    0x12  main.o [1]
  .text                  ro code   0x800'25fc     0x2  main.o [1]
  .text                  ro code   0x800'25fe     0x8  main.o [1]
  .text                  ro code   0x800'2606     0x8  main.o [1]
  .text                  ro code   0x800'260e    0x40  main.o [1]
  .text                  ro code   0x800'2650    0x38  mytask.o [1]
  Initializer bytes      const     0x800'2688    0x38  <for P2-1>
  .text                  ro code   0x800'26c0    0x34  main.o [1]
  .text                  ro code   0x800'26f4    0x34  main.o [1]
  .text                  ro code   0x800'2728    0x34  main.o [1]
  .text                  ro code   0x800'275c    0x30  main.o [1]
  .text                  ro code   0x800'278c    0x2c  main.o [1]
  .text                  ro code   0x800'27b8    0x24  ABIassert.o [6]
  .text                  ro code   0x800'27dc     0xc  main.o [1]
  .text                  ro code   0x800'27e8     0x6  abort.o [2]
  .text                  ro code   0x800'27f0    0x14  exit.o [6]
  .text                  ro code   0x800'2804    0x2c  main.o [1]
  .text                  ro code   0x800'2830     0xc  main.o [1]
  .text                  ro code   0x800'283c    0x28  main.o [1]
  .text                  ro code   0x800'2864    0x28  main.o [1]
  .text                  ro code   0x800'288c    0x28  main.o [1]
  .text                  ro code   0x800'28b4    0x10  main.o [1]
  .text                  ro code   0x800'28c4    0x28  main.o [1]
  .text                  ro code   0x800'28ec    0x10  main.o [1]
  .text                  ro code   0x800'28fc    0x28  mytask.o [1]
  .text                  ro code   0x800'2924    0x14  mytask.o [1]
  .text                  ro code   0x800'2938     0xa  mytask.o [1]
  .text                  ro code   0x800'2942    0x1a  mytask.o [1]
  .text                  ro code   0x800'295c     0xc  mytask.o [1]
  .text                  ro code   0x800'2968     0x8  mytask.o [1]
  .text                  ro code   0x800'2970     0x8  mytask.o [1]
  .text                  ro code   0x800'2978     0xc  mytask.o [1]
  .text                  ro code   0x800'2984    0x28  data_init.o [5]
  .text                  ro code   0x800'29ac    0x22  fpinit_M.o [4]
  .iar.init_table        const     0x800'29d0    0x28  - Linker created -
  .text                  ro code   0x800'29f8    0x20  cmain_call_ctors.o [5]
  .text                  ro code   0x800'2a18    0x1e  cmain.o [5]
  .text                  ro code   0x800'2a36     0x4  exit.o [2]
  .text                  ro code   0x800'2a3c     0xe  cexit.o [5]
  .rodata                const     0x800'2a4c    0x18  main.o [1]
  .rodata                const     0x800'2a64    0x18  main.o [1]
  .rodata                const     0x800'2a7c    0x18  main.o [1]
  .rodata                const     0x800'2a94    0x18  main.o [1]
  .rodata                const     0x800'2aac    0x18  main.o [1]
  .rodata                const     0x800'2ac4    0x18  main.o [1]
  .rodata                const     0x800'2adc    0x14  main.o [1]
  .rodata                const     0x800'2af0    0x14  main.o [1]
  .rodata                const     0x800'2b04    0x14  main.o [1]
  .rodata                const     0x800'2b18    0x14  main.o [1]
  .text                  ro code   0x800'2b2c    0x14  main.o [1]
  .text                  ro code   0x800'2b40     0x8  main.o [1]
  .text                  ro code   0x800'2b48    0x14  main.o [1]
  .text                  ro code   0x800'2b5c    0x12  startupF411RE.o [1]
  .rodata                const     0x800'2b70    0x10  main.o [1]
  .rodata                const     0x800'2b80    0x10  main.o [1]
  .rodata                const     0x800'2b90    0x10  main.o [1]
  .rodata                const     0x800'2ba0    0x10  main.o [1]
  .rodata                const     0x800'2bb0    0x10  main.o [1]
  .rodata                const     0x800'2bc0    0x10  main.o [1]
  .text                  ro code   0x800'2bd0    0x10  main.o [1]
  .text                  ro code   0x800'2be0     0xe  main.o [1]
  .text                  ro code   0x800'2bee     0xa  main.o [1]
  .rodata                const     0x800'2bf8     0xc  Led1Task.o [1]
  .rodata                const     0x800'2c04     0xc  main.o [1]
  .rodata                const     0x800'2c10     0xc  mytask.o [1]
  .text                  ro code   0x800'2c1c     0xc  main.o [1]
  .text                  ro code   0x800'2c28     0xc  main.o [1]
  .text                  ro code   0x800'2c34     0xc  main.o [1]
  .text                  ro code   0x800'2c40     0xc  main.o [1]
  .text                  ro code   0x800'2c4c     0xc  main.o [1]
  .text                  ro code   0x800'2c58     0xc  main.o [1]
  .text                  ro code   0x800'2c64     0xa  main.o [1]
  .text                  ro code   0x800'2c6e     0xa  main.o [1]
  .text                  ro code   0x800'2c78     0xa  main.o [1]
  .text                  ro code   0x800'2c82     0xa  main.o [1]
  .text                  ro code   0x800'2c8c     0xa  main.o [1]
  .text                  ro code   0x800'2c96     0xa  main.o [1]
  .rodata                const     0x800'2ca0     0x8  main.o [1]
  .rodata                const     0x800'2ca8     0x8  main.o [1]
  .rodata                const     0x800'2cb0     0x8  mytask.o [1]
  .rodata                const     0x800'2cb8     0x8  tasks.o [1]
  .rodata                const     0x800'2cc0     0x8  timers.o [1]
  .rodata                const     0x800'2cc8     0x8  timers.o [1]
  .text                  ro code   0x800'2cd0     0x8  main.o [1]
  .text                  ro code   0x800'2cd8     0x8  main.o [1]
  .text                  ro code   0x800'2ce0     0x8  main.o [1]
  .text                  ro code   0x800'2ce8     0x8  main.o [1]
  .text                  ro code   0x800'2cf0     0x8  main.o [1]
  .text                  ro code   0x800'2cf8     0x8  main.o [1]
  .text                  ro code   0x800'2d00     0x8  main.o [1]
  .text                  ro code   0x800'2d08     0x8  main.o [1]
  .text                  ro code   0x800'2d10     0x8  main.o [1]
  .text                  ro code   0x800'2d18     0x8  main.o [1]
  .text                  ro code   0x800'2d20     0x8  main.o [1]
  .text                  ro code   0x800'2d28     0x8  main.o [1]
  .text                  ro code   0x800'2d30     0x8  main.o [1]
  .text                  ro code   0x800'2d38     0x8  startupF411RE.o [1]
  .text                  ro code   0x800'2d40     0x8  startupF411RE.o [1]
  .text                  ro code   0x800'2d48     0x8  startupF411RE.o [1]
  .text                  ro code   0x800'2d50     0x8  startupF411RE.o [1]
  SHT$$PREINIT_ARRAY               0x800'2d58     0x0  <Block>
  SHT$$INIT_ARRAY                  0x800'2d58     0x8  <Block>
    .init_array          const     0x800'2d58     0x4  Led1Task.o [1]
    .init_array          const     0x800'2d5c     0x4  main.o [1]
  __iar_tls$$INIT_ARRAY            0x800'2d60     0x0  <Block>
  .rodata                const     0x800'2d60     0x4  port.o [1]
  .text                  ro code   0x800'2d64     0x0  cstart_call_dtors.o [5]
  .rodata                const     0x800'2d64     0x0  zero_init3.o [5]
  .rodata                const     0x800'2d64     0x0  copy_init3.o [5]
                                 - 0x800'2d64  0x2bcc

"P2", part 1 of 3:                               0x38
  P2-1                            0x2000'0000    0x38  <Init block>
    .data                inited   0x2000'0000     0x8  main.o [1]
    .data                inited   0x2000'0008     0x8  main.o [1]
    .data                inited   0x2000'0010     0x8  main.o [1]
    .data                inited   0x2000'0018     0x8  main.o [1]
    .data                inited   0x2000'0020     0x8  main.o [1]
    .data                inited   0x2000'0028     0x8  main.o [1]
    .data                inited   0x2000'0030     0x4  main.o [1]
    .data                inited   0x2000'0034     0x4  port.o [1]
                                - 0x2000'0038    0x38

"P2", part 2 of 3:                              0xe30
  .bss                   zero     0x2000'0038   0x400  tasks.o [1]
  .bss                   zero     0x2000'0438   0x264  main.o [1]
  .bss                   zero     0x2000'069c   0x264  main.o [1]
  .bss                   zero     0x2000'0900   0x200  tasks.o [1]
  .bss                   zero     0x2000'0b00    0xa0  timers.o [1]
  .bss                   zero     0x2000'0ba0    0x64  tasks.o [1]
  .bss                   zero     0x2000'0c04    0x50  tasks.o [1]
  .bss                   zero     0x2000'0c54    0x50  tasks.o [1]
  .bss                   zero     0x2000'0ca4    0x48  timers.o [1]
  .bss                   zero     0x2000'0cec    0x40  queue.o [1]
  .bss                   zero     0x2000'0d2c    0x24  main.o [1]
  .bss                   zero     0x2000'0d50    0x1c  main.o [1]
  .bss                   zero     0x2000'0d6c    0x14  tasks.o [1]
  .bss                   zero     0x2000'0d80    0x14  tasks.o [1]
  .bss                   zero     0x2000'0d94    0x14  tasks.o [1]
  .bss                   zero     0x2000'0da8    0x14  tasks.o [1]
  .bss                   zero     0x2000'0dbc    0x14  timers.o [1]
  .bss                   zero     0x2000'0dd0    0x14  timers.o [1]
  .bss                   zero     0x2000'0de4    0x10  main.o [1]
  .bss                   zero     0x2000'0df4     0x4  main.o [1]
  .bss                   zero     0x2000'0df8     0x4  main.o [1]
  .bss                   zero     0x2000'0dfc     0x4  main.o [1]
  .bss                   zero     0x2000'0e00     0x4  main.o [1]
  .bss                   zero     0x2000'0e04     0x4  port.o [1]
  .bss                   zero     0x2000'0e08     0x4  tasks.o [1]
  .bss                   zero     0x2000'0e0c     0x4  tasks.o [1]
  .bss                   zero     0x2000'0e10     0x4  tasks.o [1]
  .bss                   zero     0x2000'0e14     0x4  tasks.o [1]
  .bss                   zero     0x2000'0e18     0x4  tasks.o [1]
  .bss                   zero     0x2000'0e1c     0x4  tasks.o [1]
  .bss                   zero     0x2000'0e20     0x4  tasks.o [1]
  .bss                   zero     0x2000'0e24     0x4  tasks.o [1]
  .bss                   zero     0x2000'0e28     0x4  tasks.o [1]
  .bss                   zero     0x2000'0e2c     0x4  tasks.o [1]
  .bss                   zero     0x2000'0e30     0x4  tasks.o [1]
  .bss                   zero     0x2000'0e34     0x4  tasks.o [1]
  .bss                   zero     0x2000'0e38     0x4  tasks.o [1]
  .bss                   zero     0x2000'0e3c     0x4  tasks.o [1]
  .bss                   zero     0x2000'0e40     0x4  timers.o [1]
  .bss                   zero     0x2000'0e44     0x4  timers.o [1]
  .bss                   zero     0x2000'0e48     0x4  timers.o [1]
  .bss                   zero     0x2000'0e4c     0x4  timers.o [1]
  .bss                   zero     0x2000'0e50     0x4  timers.o [1]
  .bss                   zero     0x2000'0e54     0x4  cppinit.o [2]
  .bss                   zero     0x2000'0e58     0x4  cppinit.o [2]
  .bss                   zero     0x2000'0e5c     0x1  main.o [1]
  .bss                   zero     0x2000'0e5d     0x1  main.o [1]
  .bss                   zero     0x2000'0e5e     0x1  main.o [1]
  .bss                   zero     0x2000'0e5f     0x1  main.o [1]
  .bss                   zero     0x2000'0e60     0x1  main.o [1]
  .bss                   zero     0x2000'0e61     0x1  main.o [1]
  .bss                   zero     0x2000'0e62     0x1  main.o [1]
  .bss                   zero     0x2000'0e63     0x1  main.o [1]
  .bss                   zero     0x2000'0e64     0x1  port.o [1]
                                - 0x2000'0e65   0xe2d

"P2", part 3 of 3:                              0x290
  .iar.dynexit                    0x2000'0e68   0x18c  <Block>
    .iar.dynexit         uninit   0x2000'0e68     0xc  cppinit.o [2]
    .iar.dynexit         uninit   0x2000'0e74   0x180  <Block tail>
  CSTACK                          0x2000'0ff8   0x100  <Block>
    CSTACK               uninit   0x2000'0ff8   0x100  <Block tail>
                                - 0x2000'10f8   0x290

Unused ranges:

         From           To      Size
         ----           --      ----
   0x800'2d64   0x807'ffff  0x7'd29c
  0x2000'10f8  0x2001'ffff  0x1'ef08


*******************************************************************************
*** INIT TABLE
***

          Address      Size
          -------      ----
Zero (__iar_zero_init3)
    1 destination range, total size 0xe2d:
          0x2000'0038  0xe2d

Copy (__iar_copy_init3)
    1 source range, total size 0x38:
           0x800'2688   0x38
    1 destination range, total size 0x38:
          0x2000'0000   0x38

Extra (__iar_cstart_call_ctors)



*******************************************************************************
*** MODULE SUMMARY
***

    Module               ro code  ro data  rw data
    ------               -------  -------  -------
command line/config:
    ----------------------------------------------
    Total:

C:\GitHub\RtosWrapper\Debug\Obj: [1]
    Led1Task.o               314       16
    event_groups.o           428
    irqcontroller.o            2
    list.o                   152
    main.o                 2'406      812    1'380
    mytask.o                 236       20
    port.o                   388        8        9
    portasm.o                168
    queue.o                1'550                64
    startupF411RE.o           50      408
    tasks.o                2'240        8    1'932
    timers.o                 948       16      292
    ----------------------------------------------
    Total:                 8'882    1'288    3'677

dl7M_tln.a: [2]
    abort.o                    6
    cppinit.o                160                20
    exit.o                     4
    ----------------------------------------------
    Total:                   170                20

dlpp7M_tl_nc.a: [3]
    cxxabi.o                  10
    ----------------------------------------------
    Total:                    10

m7M_tls.a: [4]
    fpinit_M.o                34
    ----------------------------------------------
    Total:                    34

rt7M_tl.a: [5]
    ABImemcpy.o              166
    ABImemset.o              102
    I64DivMod.o              628
    I64DivZer.o                2
    cexit.o                   14
    cmain.o                   30
    cmain_call_ctors.o        32
    copy_init3.o              46
    cstart_call_dtors.o
    data_init.o               40
    zero_init3.o              58
    ----------------------------------------------
    Total:                 1'118

shb_l.a: [6]
    ABIassert.o               36
    exit.o                    20
    unwind_debug.o                      1
    ----------------------------------------------
    Total:                    56        1

    Gaps                      13        8
    Linker created                     40      640
--------------------------------------------------
    Grand Total:          10'283    1'337    4'337


*******************************************************************************
*** ENTRY LIST
***

Entry                       Address   Size  Type      Object
-----                       -------   ----  ----      ------
.iar.dynexit$$Base      0x2000'0e68          --   Gb  - Linker created -
.iar.dynexit$$Limit     0x2000'0ff4          --   Gb  - Linker created -
.iar.init_table$$Base    0x800'29d0          --   Gb  - Linker created -
.iar.init_table$$Limit   0x800'29f8          --   Gb  - Linker created -
?main                    0x800'2a19         Code  Gb  cmain.o [5]
Button<Pin<Port<GPIOC>, (unsigned char)13, PinReadable>>::IsPressed() const
                         0x800'2925   0x14  Code  Gb  mytask.o [1]
CSTACK$$Base            0x2000'0ff8          --   Gb  - Linker created -
CSTACK$$Limit           0x2000'10f8          --   Gb  - Linker created -
DtorRecArray            0x2000'0e68    0xc  Data  Lc  cppinit.o [2]
DummyModule::handler()   0x800'2b5d    0x2  Code  Gb  startupF411RE.o [1]
ILed * std::_Addressof<ILed>(ILed &, std::integral_constant<bool, (bool)0>)
                         0x800'21e9    0x2  Code  Gb  main.o [1]
ILed * std::addressof<ILed>(ILed &)
                         0x800'21cf    0x8  Code  Gb  main.o [1]
ILed::ILed()             0x800'21d7    0x2  Code  Gb  main.o [1]
ILed::ILed() [subobject]
                         0x800'2139    0x8  Code  Gb  main.o [1]
Initialization guard variable for Singleton<Button<Pin<Port<GPIOC>, (unsigned char)13, PinReadable>>, void, >::instance
                        0x2000'0e62    0x1  Data  Gb  main.o [1]
Initialization guard variable for Singleton<Led<Pin<Port<GPIOA>, (unsigned char)5, PinWriteable>>, void, >::instance
                        0x2000'0e5d    0x1  Data  Gb  main.o [1]
Initialization guard variable for Singleton<Led<Pin<Port<GPIOC>, (unsigned char)5, PinWriteable>>, void, >::instance
                        0x2000'0e60    0x1  Data  Gb  main.o [1]
Initialization guard variable for Singleton<Led<Pin<Port<GPIOC>, (unsigned char)8, PinWriteable>>, void, >::instance
                        0x2000'0e5f    0x1  Data  Gb  main.o [1]
Initialization guard variable for Singleton<Led<Pin<Port<GPIOC>, (unsigned char)9, PinWriteable>>, void, >::instance
                        0x2000'0e5e    0x1  Data  Gb  main.o [1]
Initialization guard variable for Singleton<LedsController, void, >::instance
                        0x2000'0e61    0x1  Data  Gb  main.o [1]
Initialization guard variable for Singleton<LedsDriver, void, >::instance
                        0x2000'0e5c    0x1  Data  Gb  main.o [1]
IrqController::HandleIrqExtiLine15_10()
                         0x800'1a63    0x2  Code  Gb  irqcontroller.o [1]
Led1Task::Execute()      0x800'228d   0x28  Code  Gb  Led1Task.o [1]
Led1Task::Led1Task(OsWrapper::Event &, LedsController &)
                         0x800'1dd9   0x24  Code  Gb  main.o [1]
Led<Pin<Port<GPIOA>, (unsigned char)5, PinWriteable>>::Led()
                         0x800'1ea1   0x18  Code  Gb  main.o [1]
Led<Pin<Port<GPIOA>, (unsigned char)5, PinWriteable>>::SwitchOff()
                         0x800'2cf9    0x8  Code  Gb  main.o [1]
Led<Pin<Port<GPIOA>, (unsigned char)5, PinWriteable>>::SwitchOn()
                         0x800'2cd9    0x8  Code  Gb  main.o [1]
Led<Pin<Port<GPIOA>, (unsigned char)5, PinWriteable>>::Toggle()
                         0x800'2d19    0x8  Code  Gb  main.o [1]
Led<Pin<Port<GPIOC>, (unsigned char)5, PinWriteable>>::Led()
                         0x800'1ee9   0x18  Code  Gb  main.o [1]
Led<Pin<Port<GPIOC>, (unsigned char)5, PinWriteable>>::SwitchOff()
                         0x800'2d11    0x8  Code  Gb  main.o [1]
Led<Pin<Port<GPIOC>, (unsigned char)5, PinWriteable>>::SwitchOn()
                         0x800'2cf1    0x8  Code  Gb  main.o [1]
Led<Pin<Port<GPIOC>, (unsigned char)5, PinWriteable>>::Toggle()
                         0x800'2d31    0x8  Code  Gb  main.o [1]
Led<Pin<Port<GPIOC>, (unsigned char)8, PinWriteable>>::Led()
                         0x800'1ed1   0x18  Code  Gb  main.o [1]
Led<Pin<Port<GPIOC>, (unsigned char)8, PinWriteable>>::SwitchOff()
                         0x800'2d09    0x8  Code  Gb  main.o [1]
Led<Pin<Port<GPIOC>, (unsigned char)8, PinWriteable>>::SwitchOn()
                         0x800'2ce9    0x8  Code  Gb  main.o [1]
Led<Pin<Port<GPIOC>, (unsigned char)8, PinWriteable>>::Toggle()
                         0x800'2d29    0x8  Code  Gb  main.o [1]
Led<Pin<Port<GPIOC>, (unsigned char)9, PinWriteable>>::Led()
                         0x800'1eb9   0x18  Code  Gb  main.o [1]
Led<Pin<Port<GPIOC>, (unsigned char)9, PinWriteable>>::SwitchOff()
                         0x800'2d01    0x8  Code  Gb  main.o [1]
Led<Pin<Port<GPIOC>, (unsigned char)9, PinWriteable>>::SwitchOn()
                         0x800'2ce1    0x8  Code  Gb  main.o [1]
Led<Pin<Port<GPIOC>, (unsigned char)9, PinWriteable>>::Toggle()
                         0x800'2d21    0x8  Code  Gb  main.o [1]
LedsController::LedsController()
                         0x800'1f01   0x60  Code  Gb  main.o [1]
LedsController::NextMode()
                         0x800'22c3   0x2e  Code  Gb  Led1Task.o [1]
LedsController::Update(unsigned char)
                         0x800'22f1   0x1c  Code  Gb  Led1Task.o [1]
LedsDriver::GetLed(LedNum)
                         0x800'2511    0xc  Code  Gb  main.o [1]
LedsDriver::GetLedsCount()
                         0x800'251d    0x8  Code  Gb  main.o [1]
LedsDriver::LedsDriver()
                         0x800'1e65   0x3c  Code  Gb  main.o [1]
LedsDriver::SwitchOffAll()
                         0x800'2533   0x40  Code  Gb  main.o [1]
LedsDriver::ToggleAll()
                         0x800'260f   0x40  Code  Gb  main.o [1]
LedsMode * std::_Addressof<LedsMode>(LedsMode &, std::integral_constant<bool, (bool)0>)
                         0x800'21eb    0x2  Code  Gb  main.o [1]
LedsMode * std::addressof<LedsMode>(LedsMode &)
                         0x800'21d9    0x8  Code  Gb  main.o [1]
LedsMode::Do(unsigned char)
                         0x800'2bd1   0x10  Code  Gb  main.o [1]
LedsMode::Reset()        0x800'2b49   0x14  Code  Gb  main.o [1]
LedsModeAdc::Do(unsigned char)
                         0x800'24cd   0x44  Code  Gb  main.o [1]
LedsModeChess::Reset()   0x800'26c1   0x34  Code  Gb  main.o [1]
LedsModeFirstPair::Reset()
                         0x800'26f5   0x34  Code  Gb  main.o [1]
LedsModeInsideOutside::Reset()
                         0x800'2729   0x34  Code  Gb  main.o [1]
LedsModeTree::Do(unsigned char)
                         0x800'275d   0x30  Code  Gb  main.o [1]
MyTask::Execute()        0x800'28fd   0x28  Code  Gb  mytask.o [1]
MyTask::MyTask(OsWrapper::Event &, Button<Pin<Port<GPIOC>, (unsigned char)13, PinReadable>> &)
                         0x800'1db5   0x24  Code  Gb  main.o [1]
OsWrapper::Event::Event(std::chrono::duration<long long, std::ratio<(long long)1, (long long)1000>>, unsigned int)
                         0x800'1d7d   0x2c  Code  Gb  main.o [1]
OsWrapper::Event::Signal()
                         0x800'2939    0xa  Code  Gb  mytask.o [1]
OsWrapper::Event::Wait(OsWrapper::EventMode, unsigned int) const
                         0x800'22b5    0xe  Code  Gb  Led1Task.o [1]
OsWrapper::Event::~Event()
                         0x800'2be1    0xe  Code  Gb  main.o [1]
OsWrapper::IThread::IThread()
                         0x800'21ed    0xa  Code  Gb  main.o [1]
OsWrapper::IThread::IThread() [subobject]
                         0x800'21e1    0x8  Code  Gb  main.o [1]
OsWrapper::IThread::Run()
                         0x800'2b2d   0x14  Code  Gb  main.o [1]
OsWrapper::IThread::Sleep(std::chrono::duration<long long, std::ratio<(long long)1, (long long)1000>>)
                         0x800'2943   0x1a  Code  Gb  mytask.o [1]
OsWrapper::Rtos::HandleSvcInterrupt()
                         0x800'2d49    0x8  Code  Gb  startupF411RE.o [1]
OsWrapper::Rtos::HandleSysTickInterrupt()
                         0x800'2d51    0x8  Code  Gb  startupF411RE.o [1]
OsWrapper::Rtos::Run(void *)
                         0x800'2cd1    0x8  Code  Gb  main.o [1]
OsWrapper::Rtos::Start()
                         0x800'2051    0x8  Code  Gb  main.o [1]
OsWrapper::RtosWrapper::wCreateEvent(xSTATIC_EVENT_GROUP &)
                         0x800'2079    0x8  Code  Gb  main.o [1]
OsWrapper::RtosWrapper::wDeleteEvent(void *&)
                         0x800'2bef    0xa  Code  Gb  main.o [1]
OsWrapper::RtosWrapper::wGetTicks()
                         0x800'2b41    0x8  Code  Gb  main.o [1]
OsWrapper::RtosWrapper::wHandleSvcInterrupt()
                         0x800'2d39    0x8  Code  Gb  startupF411RE.o [1]
OsWrapper::RtosWrapper::wHandleSysTickInterrupt()
                         0x800'2d41    0x8  Code  Gb  startupF411RE.o [1]
OsWrapper::RtosWrapper::wSignalEvent(void *const &, unsigned int)
                         0x800'2651   0x38  Code  Gb  mytask.o [1]
OsWrapper::RtosWrapper::wSleep(unsigned int)
                         0x800'2969    0x8  Code  Gb  mytask.o [1]
OsWrapper::RtosWrapper::wStart()
                         0x800'21ad    0x8  Code  Gb  main.o [1]
OsWrapper::RtosWrapper::wWaitEvent(void *const &, unsigned int, unsigned int, OsWrapper::EventMode)
                         0x800'230d   0x18  Code  Gb  Led1Task.o [1]
OsWrapper::Thread<(unsigned int)128>::Thread()
                         0x800'21c1    0xe  Code  Gb  main.o [1]
OsWrapper::Thread<(unsigned int)128>::Thread() [subobject]
                         0x800'2121    0x8  Code  Gb  main.o [1]
Port<GPIOA>::Reset(unsigned int)
                         0x800'278d   0x2c  Code  Gb  main.o [1]
Port<GPIOA>::Reset(unsigned int)::string
                         0x800'2a64   0x18  Data  Gb  main.o [1]
Port<GPIOA>::Reset(unsigned int)::string (instance 2)
                         0x800'2378   0x44  Data  Gb  main.o [1]
Port<GPIOA>::Set(unsigned int)
                         0x800'283d   0x28  Code  Gb  main.o [1]
Port<GPIOA>::Set(unsigned int)::string
                         0x800'2a4c   0x18  Data  Gb  main.o [1]
Port<GPIOA>::Set(unsigned int)::string (instance 2)
                         0x800'2334   0x44  Data  Gb  main.o [1]
Port<GPIOA>::Toggle(unsigned int)
                         0x800'288d   0x28  Code  Gb  main.o [1]
Port<GPIOA>::Toggle(unsigned int)::string
                         0x800'2a7c   0x18  Data  Gb  main.o [1]
Port<GPIOA>::Toggle(unsigned int)::string (instance 2)
                         0x800'23bc   0x44  Data  Gb  main.o [1]
Port<GPIOC>::Get()       0x800'2971    0x8  Code  Gb  mytask.o [1]
Port<GPIOC>::Reset(unsigned int)
                         0x800'2805   0x2c  Code  Gb  main.o [1]
Port<GPIOC>::Reset(unsigned int)::string
                         0x800'2aac   0x18  Data  Gb  main.o [1]
Port<GPIOC>::Reset(unsigned int)::string (instance 2)
                         0x800'2444   0x44  Data  Gb  main.o [1]
Port<GPIOC>::Set(unsigned int)
                         0x800'2865   0x28  Code  Gb  main.o [1]
Port<GPIOC>::Set(unsigned int)::string
                         0x800'2a94   0x18  Data  Gb  main.o [1]
Port<GPIOC>::Set(unsigned int)::string (instance 2)
                         0x800'2400   0x44  Data  Gb  main.o [1]
Port<GPIOC>::Toggle(unsigned int)
                         0x800'28c5   0x28  Code  Gb  main.o [1]
Port<GPIOC>::Toggle(unsigned int)::string
                         0x800'2ac4   0x18  Data  Gb  main.o [1]
Port<GPIOC>::Toggle(unsigned int)::string (instance 2)
                         0x800'2488   0x44  Data  Gb  main.o [1]
Region$$Table$$Base      0x800'29d0          --   Gb  - Linker created -
Region$$Table$$Limit     0x800'29f8          --   Gb  - Linker created -
SHT$$INIT_ARRAY$$Base    0x800'2d58          --   Gb  - Linker created -
SHT$$INIT_ARRAY$$Limit   0x800'2d60          --   Gb  - Linker created -
SHT$$PREINIT_ARRAY$$Base
                         0x800'2d58          --   Gb  - Linker created -
SHT$$PREINIT_ARRAY$$Limit
                         0x800'2d58          --   Gb  - Linker created -
Singleton<Button<Pin<Port<GPIOC>, (unsigned char)13, PinReadable>>, void, >::instance
                        0x2000'0e63    0x1  Data  Gb  main.o [1]
Singleton<Led<Pin<Port<GPIOA>, (unsigned char)5, PinWriteable>>, void, >::instance
                        0x2000'0df4    0x4  Data  Gb  main.o [1]
Singleton<Led<Pin<Port<GPIOC>, (unsigned char)5, PinWriteable>>, void, >::instance
                        0x2000'0e00    0x4  Data  Gb  main.o [1]
Singleton<Led<Pin<Port<GPIOC>, (unsigned char)8, PinWriteable>>, void, >::instance
                        0x2000'0dfc    0x4  Data  Gb  main.o [1]
Singleton<Led<Pin<Port<GPIOC>, (unsigned char)9, PinWriteable>>, void, >::instance
                        0x2000'0df8    0x4  Data  Gb  main.o [1]
Singleton<LedsController, void, >::instance
                        0x2000'0d50   0x1c  Data  Gb  main.o [1]
Singleton<LedsDriver, void, >::instance
                        0x2000'0de4   0x10  Data  Gb  main.o [1]
Singleton<LedsModeAdc, void, >::instance
                        0x2000'0028    0x8  Data  Gb  main.o [1]
Singleton<LedsModeAll, void, >::instance
                        0x2000'0010    0x8  Data  Gb  main.o [1]
Singleton<LedsModeChess, void, >::instance
                        0x2000'0008    0x8  Data  Gb  main.o [1]
Singleton<LedsModeFirstPair, void, >::instance
                        0x2000'0018    0x8  Data  Gb  main.o [1]
Singleton<LedsModeInsideOutside, void, >::instance
                        0x2000'0020    0x8  Data  Gb  main.o [1]
Singleton<LedsModeTree, void, >::instance
                        0x2000'0000    0x8  Data  Gb  main.o [1]
SystemCoreClock         0x2000'0030    0x4  Data  Gb  main.o [1]
Virtual function table for Led1Task
                         0x800'2bf8    0xc  Data  Gb  Led1Task.o [1]
Virtual function table for Led<Pin<Port<GPIOA>, (unsigned char)5, PinWriteable>>
                         0x800'2adc   0x14  Data  Gb  main.o [1]
Virtual function table for Led<Pin<Port<GPIOC>, (unsigned char)5, PinWriteable>>
                         0x800'2b18   0x14  Data  Gb  main.o [1]
Virtual function table for Led<Pin<Port<GPIOC>, (unsigned char)8, PinWriteable>>
                         0x800'2b04   0x14  Data  Gb  main.o [1]
Virtual function table for Led<Pin<Port<GPIOC>, (unsigned char)9, PinWriteable>>
                         0x800'2af0   0x14  Data  Gb  main.o [1]
Virtual function table for LedsModeAdc
                         0x800'2bb0   0x10  Data  Gb  main.o [1]
Virtual function table for LedsModeAll
                         0x800'2bc0   0x10  Data  Gb  main.o [1]
Virtual function table for LedsModeChess
                         0x800'2b80   0x10  Data  Gb  main.o [1]
Virtual function table for LedsModeFirstPair
                         0x800'2b90   0x10  Data  Gb  main.o [1]
Virtual function table for LedsModeInsideOutside
                         0x800'2ba0   0x10  Data  Gb  main.o [1]
Virtual function table for LedsModeTree
                         0x800'2b70   0x10  Data  Gb  main.o [1]
Virtual function table for MyTask
                         0x800'2c10    0xc  Data  Gb  mytask.o [1]
__aeabi_assert           0x800'27b9   0x24  Code  Gb  ABIassert.o [6]
__aeabi_atexit           0x800'1da9    0xa  Code  Gb  cxxabi.o [3]
__aeabi_ldiv0            0x800'1a61         Code  Gb  I64DivZer.o [5]
__aeabi_ldivmod          0x800'17ed         Code  Gb  I64DivMod.o [5]
__aeabi_memcpy           0x800'1719         Code  Gb  ABImemcpy.o [5]
__aeabi_memcpy4          0x800'1739         Code  Gb  ABImemcpy.o [5]
__aeabi_memcpy8          0x800'1739         Code  Gb  ABImemcpy.o [5]
__aeabi_memset           0x800'1dfd         Code  Gb  ABImemset.o [5]
__aeabi_uldivmod         0x800'1831         Code  Gb  I64DivMod.o [5]
__call_ctors             0x800'2081   0x18  Code  Gb  cppinit.o [2]
__call_dtors             0x800'20cf    0xc  Code  Gb  cppinit.o [2]
__call_dtors0            0x800'20db   0x36  Code  Gb  cppinit.o [2]
__cexit_call_dtors       0x800'2a3f         Code  Gb  cexit.o [5]
__cmain                  0x800'2a19         Code  Gb  cmain.o [5]
__cstart_call_dtors      0x800'2d64         Data  Gb  cstart_call_dtors.o [5]
__cxa_atexit             0x800'2099   0x36  Code  Gb  cppinit.o [2]
__dso_handle            0x2000'0e58    0x4  Data  Gb  cppinit.o [2]
__exit                   0x800'27f1   0x14  Code  Gb  exit.o [6]
__iar_Memset             0x800'1dfd         Code  Gb  ABImemset.o [5]
__iar_Memset_word        0x800'1e05         Code  Gb  ABImemset.o [5]
__iar_copy_init3         0x800'17bf   0x2e  Code  Gb  copy_init3.o [5]
__iar_cstart_call_ctors
                         0x800'29f9   0x20  Code  Gb  cmain_call_ctors.o [5]
__iar_data_init3         0x800'2985   0x28  Code  Gb  data_init.o [5]
__iar_debug_exceptions   0x800'1db2    0x1  Data  Gb  unwind_debug.o [6]
__iar_init_vfp           0x800'29ad         Code  Gb  fpinit_M.o [4]
__iar_program_start      0x800'2b5f   0x10  Code  Gb  startupF411RE.o [1]
__iar_tls$$INIT_ARRAY$$Base
                         0x800'2d60          --   Gb  - Linker created -
__iar_tls$$INIT_ARRAY$$Limit
                         0x800'2d60          --   Gb  - Linker created -
__iar_zero_init3         0x800'16df   0x3a  Code  Gb  zero_init3.o [5]
__low_level_init         0x800'1cd7   0x2e  Code  Gb  main.o [1]
__sti__routine           0x800'21f9   0x6c  Code  Lc  Led1Task.o [1]
__sti__routine           0x800'1c11   0xc6  Code  Lc  main.o [1]
__vector_table           0x800'0000  0x198  Data  Gb  startupF411RE.o [1]
_call_main               0x800'2a25         Code  Gb  cmain.o [5]
_exit                    0x800'2a3d         Code  Gb  cexit.o [5]
_main                    0x800'2a33         Code  Gb  cmain.o [5]
abort                    0x800'27e9    0x6  Code  Gb  abort.o [2]
auto Pin<Port<GPIOC>, (unsigned char)13, PinReadable>::Get<PinReadable, void>()
                         0x800'295d    0xc  Code  Gb  mytask.o [1]
bool FieldValueBase<RCC_CFGR_SWS_Values<RCC::CFGR, (unsigned int)2, (unsigned int)2, ReadMode, RCC::RCCCFGRBase>, RCC::RCCCFGRBase, (unsigned int)0>::IsSet<ReadMode, void>()
                         0x800'1f9d   0x18  Code  Gb  main.o [1]
bool FieldValueBase<RCC_CR_HSIRDY_Values<RCC::CR, (unsigned int)1, (unsigned int)1, ReadMode, RCC::RCCCRBase>, RCC::RCCCRBase, (unsigned int)0>::IsSet<ReadMode, void>()
                         0x800'1f75   0x18  Code  Gb  main.o [1]
event                   0x2000'0d2c   0x24  Data  Gb  main.o [1]
exit                     0x800'2a37    0x4  Code  Gb  exit.o [2]
led1Task                0x2000'069c  0x264  Data  Gb  main.o [1]
main                     0x800'1d05   0x1e  Code  Gb  main.o [1]
myTask                  0x2000'0438  0x264  Data  Gb  main.o [1]
next_abi_dtor_rec       0x2000'0e54    0x4  Data  Lc  cppinit.o [2]
pcInterruptPriorityRegisters
                         0x800'2d60    0x4  Data  Lc  port.o [1]
prvAddCurrentTaskToDelayedList
                         0x800'0981   0x6e  Code  Lc  tasks.o [1]
prvAddNewTaskToReadyList
                         0x800'0261   0x9a  Code  Lc  tasks.o [1]
prvCheckForValidListAndQueue
                         0x800'0f8b   0x4c  Code  Lc  timers.o [1]
prvCheckForValidListAndQueue{1}{2}{3}{4}::ucStaticTimerQueueStorage
                        0x2000'0b00   0xa0  Data  Lc  timers.o [1]
prvCheckForValidListAndQueue{1}{2}{3}{4}::xStaticTimerQueue
                        0x2000'0ca4   0x48  Data  Lc  timers.o [1]
prvCheckTasksWaitingTermination
                         0x800'07d3    0x2  Code  Lc  tasks.o [1]
prvCopyDataFromQueue     0x800'1597   0x2a  Code  Lc  queue.o [1]
prvCopyDataToQueue       0x800'1511   0x86  Code  Lc  queue.o [1]
prvGetNextExpireTime     0x800'0de9   0x26  Code  Lc  timers.o [1]
prvIdleTask              0x800'077d    0x8  Code  Lc  tasks.o [1]
prvInitialiseNewQueue    0x800'1187   0x1c  Code  Lc  queue.o [1]
prvInitialiseNewTask     0x800'01cf   0x92  Code  Lc  tasks.o [1]
prvInitialiseTaskLists   0x800'0785   0x4e  Code  Lc  tasks.o [1]
prvInsertTimerInActiveList
                         0x800'0e35   0x3e  Code  Lc  timers.o [1]
prvIsQueueEmpty          0x800'162f   0x1c  Code  Lc  queue.o [1]
prvIsQueueFull           0x800'164b   0x1e  Code  Lc  queue.o [1]
prvProcessExpiredTimer   0x800'0d1b   0x46  Code  Lc  timers.o [1]
prvProcessReceivedCommands
                         0x800'0e73   0xba  Code  Lc  timers.o [1]
prvProcessTimerOrBlockTask
                         0x800'0d79   0x70  Code  Lc  timers.o [1]
prvResetNextTaskUnblockTime
                         0x800'07d5   0x28  Code  Lc  tasks.o [1]
prvSampleTimeNow         0x800'0e0f   0x26  Code  Lc  timers.o [1]
prvSampleTimeNow::xLastTime
                        0x2000'0e50    0x4  Data  Lc  timers.o [1]
prvSwitchTimerLists      0x800'0f2d   0x5e  Code  Lc  timers.o [1]
prvTaskExitError         0x800'0b19   0x10  Code  Lc  port.o [1]
prvTestWaitCondition     0x800'1bf7   0x1a  Code  Lc  event_groups.o [1]
prvTimerTask             0x800'0d65   0x14  Code  Lc  timers.o [1]
prvUnlockQueue           0x800'15c1   0x6e  Code  Lc  queue.o [1]
pvTaskIncrementMutexHeldCount
                         0x800'0939   0x16  Code  Gb  tasks.o [1]
pxCurrentTCB            0x2000'0e08    0x4  Data  Gb  tasks.o [1]
pxCurrentTimerList      0x2000'0e40    0x4  Data  Lc  timers.o [1]
pxDelayedTaskList       0x2000'0e0c    0x4  Data  Lc  tasks.o [1]
pxOverflowDelayedTaskList
                        0x2000'0e10    0x4  Data  Lc  tasks.o [1]
pxOverflowTimerList     0x2000'0e44    0x4  Data  Lc  timers.o [1]
pxPortInitialiseStack    0x800'0af1   0x28  Code  Gb  port.o [1]
pxReadyTasksLists       0x2000'0ba0   0x64  Data  Lc  tasks.o [1]
std::_Array_const_iterator<std::reference_wrapper<ILed>, (unsigned int)4>::_Array_const_iterator(std::reference_wrapper<ILed> const *, unsigned int)
                         0x800'2607    0x8  Code  Gb  main.o [1]
std::_Array_const_iterator<std::reference_wrapper<ILed>, (unsigned int)4>::_Array_const_iterator(std::reference_wrapper<ILed> const *, unsigned int) [subobject]
                         0x800'25ff    0x8  Code  Gb  main.o [1]
std::_Array_const_iterator<std::reference_wrapper<ILed>, (unsigned int)4>::operator !=(const std::_Array_const_iterator<std::reference_wrapper<ILed>, (unsigned int)4>&) const
                         0x800'25b5   0x14  Code  Gb  main.o [1]
std::_Array_const_iterator<std::reference_wrapper<ILed>, (unsigned int)4>::operator *() const
                         0x800'25df    0x4  Code  Gb  main.o [1]
std::_Array_const_iterator<std::reference_wrapper<ILed>, (unsigned int)4>::operator ++()
                         0x800'25e3    0x8  Code  Gb  main.o [1]
std::_Array_const_iterator<std::reference_wrapper<ILed>, (unsigned int)4>::operator ==(const std::_Array_const_iterator<std::reference_wrapper<ILed>, (unsigned int)4>&) const
                         0x800'25eb   0x12  Code  Gb  main.o [1]
std::_Array_iterator<std::reference_wrapper<ILed>, (unsigned int)4>::_Array_iterator(std::reference_wrapper<ILed> *, unsigned int)
                         0x800'25d1    0xe  Code  Gb  main.o [1]
std::_Array_iterator<std::reference_wrapper<ILed>, (unsigned int)4>::operator *() const
                         0x800'259b    0x8  Code  Gb  main.o [1]
std::_Array_iterator<std::reference_wrapper<ILed>, (unsigned int)4>::operator ++()
                         0x800'25a7    0xe  Code  Gb  main.o [1]
std::array<std::reference_wrapper<ILed>, (unsigned int)4>::begin()
                         0x800'2573   0x14  Code  Gb  main.o [1]
std::array<std::reference_wrapper<ILed>, (unsigned int)4>::end()
                         0x800'2587   0x14  Code  Gb  main.o [1]
std::array<std::reference_wrapper<ILed>, (unsigned int)4>::operator [](unsigned int)
                         0x800'2525    0x6  Code  Gb  main.o [1]
std::array<std::reference_wrapper<ILed>, (unsigned int)4>::size() const
                         0x800'252f    0x4  Code  Gb  main.o [1]
std::array<std::reference_wrapper<LedsMode>, (unsigned int)6>::operator [](unsigned int)
                         0x800'2329    0x6  Code  Gb  Led1Task.o [1]
std::array<std::reference_wrapper<LedsMode>, (unsigned int)6>::size() const
                         0x800'2325    0x4  Code  Gb  Led1Task.o [1]
std::array<unsigned int, (unsigned int)128>::data()
                         0x800'2151    0x2  Code  Gb  main.o [1]
std::chrono::duration<long long, std::ratio<(long long)1, (long long)1000>>::count() const
                         0x800'21b5    0x6  Code  Gb  mytask.o [1]
std::chrono::duration<unsigned int, std::ratio<(long long)10, (long long)1000>>::count() const
                         0x800'2075    0x4  Code  Gb  mytask.o [1]
std::chrono::duration<unsigned int, std::ratio<(long long)10, (long long)1000>>::duration<unsigned int, void>(unsigned int const &)
                         0x800'21bb    0x6  Code  Gb  mytask.o [1]
std::enable_if<std::chrono::_Is_duration<std::chrono::duration<unsigned int, std::ratio<(long long)10, (long long)1000>>>::value, std::chrono::duration<unsigned int, std::ratio<(long long)10, (long long)1000>>>::type std::chrono::duration_cast<std::chrono::duration<unsigned int, std::ratio<(long long)10, (long long)1000>>, long long, std::ratio<(long long)1, (long long)1000>>(std::chrono::duration<long long, std::ratio<(long long)1, (long long)1000>> const &)
                         0x800'2059   0x1c  Code  Gb  mytask.o [1]
std::reference_wrapper<ILed> * std::_Addressof<std::reference_wrapper<ILed>>(std::reference_wrapper<ILed> &, std::integral_constant<bool, (bool)0>)
                         0x800'25fd    0x2  Code  Gb  main.o [1]
std::reference_wrapper<ILed> * std::addressof<std::reference_wrapper<ILed>>(std::reference_wrapper<ILed> &)
                         0x800'25c9    0x8  Code  Gb  main.o [1]
std::reference_wrapper<ILed>::get() const
                         0x800'25a3    0x4  Code  Gb  main.o [1]
std::reference_wrapper<ILed>::operator ILed &() const
                         0x800'252b    0x4  Code  Gb  main.o [1]
std::reference_wrapper<ILed>::reference_wrapper(ILed &)
                         0x800'2129   0x10  Code  Gb  main.o [1]
std::reference_wrapper<LedsMode>::get() const
                         0x800'232f    0x4  Code  Gb  Led1Task.o [1]
std::reference_wrapper<LedsMode>::reference_wrapper(LedsMode &)
                         0x800'2141   0x10  Code  Gb  main.o [1]
ucMaxSysCallPriority    0x2000'0e64    0x1  Data  Lc  port.o [1]
ulMaxPRIGROUPValue      0x2000'0e04    0x4  Data  Lc  port.o [1]
unsigned int RegisterBase<(unsigned int)1073874960, (unsigned int)32, ReadMode>::Get<ReadMode, void>()
                         0x800'2979    0xc  Code  Gb  mytask.o [1]
uxCriticalNesting       0x2000'0034    0x4  Data  Lc  port.o [1]
uxCurrentNumberOfTasks  0x2000'0e14    0x4  Data  Lc  tasks.o [1]
uxListRemove             0x800'0acb   0x26  Code  Gb  list.o [1]
uxPendedTicks           0x2000'0e24    0x4  Data  Lc  tasks.o [1]
uxSchedulerSuspended    0x2000'0e3c    0x4  Data  Lc  tasks.o [1]
uxTaskNumber            0x2000'0e30    0x4  Data  Lc  tasks.o [1]
uxTaskResetEventItemValue
                         0x800'0923   0x16  Code  Gb  tasks.o [1]
uxTopReadyPriority      0x2000'0e1c    0x4  Data  Lc  tasks.o [1]
vApplicationGetIdleTaskMemory
                         0x800'09ef    0xe  Code  Gb  tasks.o [1]
vApplicationGetIdleTaskMemory::uxIdleTaskStack
                        0x2000'0900  0x200  Data  Lc  tasks.o [1]
vApplicationGetIdleTaskMemory::xIdleTaskTCB
                        0x2000'0c04   0x50  Data  Lc  tasks.o [1]
vApplicationGetTimerTaskMemory
                         0x800'09fd   0x10  Code  Gb  tasks.o [1]
vApplicationGetTimerTaskMemory::uxTimerTaskStack
                        0x2000'0038  0x400  Data  Lc  tasks.o [1]
vApplicationGetTimerTaskMemory::xTimerTaskTCB
                        0x2000'0c54   0x50  Data  Lc  tasks.o [1]
vEventGroupDelete        0x800'1bcf   0x20  Code  Gb  event_groups.o [1]
vEventGroupSetBitsCallback
                         0x800'1bef    0x8  Code  Gb  event_groups.o [1]
vListInitialise          0x800'0a59   0x1e  Code  Gb  list.o [1]
vListInitialiseItem      0x800'0a77    0x6  Code  Gb  list.o [1]
vListInsert              0x800'0a95   0x36  Code  Gb  list.o [1]
vListInsertEnd           0x800'0a7d   0x18  Code  Gb  list.o [1]
vPortEnableVFP           0x800'10b5         Code  Gb  portasm.o [1]
vPortEnterCritical       0x800'0bb1   0x22  Code  Gb  port.o [1]
vPortExitCritical        0x800'0bd3   0x16  Code  Gb  port.o [1]
vPortSVCHandler          0x800'1081         Code  Gb  portasm.o [1]
vPortStartFirstTask      0x800'109d         Code  Gb  portasm.o [1]
vPortValidateInterruptPriority
                         0x800'0c15   0x14  Code  Gb  port.o [1]
vQueueAddToRegistry      0x800'1669   0x24  Code  Gb  queue.o [1]
vQueueWaitForMessageRestricted
                         0x800'1695   0x4a  Code  Gb  queue.o [1]
vTaskDelay               0x800'02fb   0x38  Code  Gb  tasks.o [1]
vTaskMissedYield         0x800'0773    0xa  Code  Gb  tasks.o [1]
vTaskPlaceOnEventList    0x800'05d7   0x1a  Code  Gb  tasks.o [1]
vTaskPlaceOnEventListRestricted
                         0x800'0619   0x24  Code  Gb  tasks.o [1]
vTaskPlaceOnUnorderedEventList
                         0x800'05f1   0x28  Code  Gb  tasks.o [1]
vTaskPriorityInherit     0x800'081b   0x8a  Code  Gb  tasks.o [1]
vTaskSetTimeOutState     0x800'0707   0x12  Code  Gb  tasks.o [1]
vTaskStartScheduler      0x800'0333   0x82  Code  Gb  tasks.o [1]
vTaskSuspendAll          0x800'03b5    0xc  Code  Gb  tasks.o [1]
vTaskSwitchContext       0x800'057f   0x58  Code  Gb  tasks.o [1]
void FieldValueBase<GPIOA_MODER_MODER15_Values<GPIOA::MODER, (unsigned int)10, (unsigned int)2, ReadWriteMode, GPIOA::GPIOAMODERBase>, GPIOA::GPIOAMODERBase, (unsigned int)1>::Set<ReadWriteMode, void>()
                         0x800'1fdd   0x14  Code  Gb  main.o [1]
void FieldValueBase<RCC_AHB1ENR_DMA2EN_Values<RCC::APB2ENR, (unsigned int)14, (unsigned int)1, ReadWriteMode, RCC::RCCAPB2ENRBase>, RCC::RCCAPB2ENRBase, (unsigned int)1>::Set<ReadWriteMode, void>()
                         0x800'1fc9   0x14  Code  Gb  main.o [1]
void FieldValueBase<RCC_CFGR_SW_Values<RCC::CFGR, (unsigned int)0, (unsigned int)2, ReadWriteMode, RCC::RCCCFGRBase>, RCC::RCCCFGRBase, (unsigned int)0>::Set<ReadWriteMode, void>()
                         0x800'1f8d   0x10  Code  Gb  main.o [1]
void FieldValueBase<RCC_CR_HSION_Values<RCC::CR, (unsigned int)0, (unsigned int)1, ReadWriteMode, RCC::RCCCRBase>, RCC::RCCCRBase, (unsigned int)1>::Set<ReadWriteMode, void>()
                         0x800'1f61   0x14  Code  Gb  main.o [1]
void OsWrapper::Rtos::CreateThread<Led1Task>(Led1Task &, char const *, OsWrapper::ThreadPriority)
                         0x800'202f   0x22  Code  Gb  main.o [1]
void OsWrapper::Rtos::CreateThread<MyTask>(MyTask &, char const *, OsWrapper::ThreadPriority)
                         0x800'200d   0x22  Code  Gb  main.o [1]
void OsWrapper::RtosWrapper::wCreateThread<OsWrapper::Rtos, Led1Task>(Led1Task &, char const *, OsWrapper::ThreadPriority, unsigned short, unsigned int *)
                         0x800'2181   0x2c  Code  Gb  main.o [1]
void OsWrapper::RtosWrapper::wCreateThread<OsWrapper::Rtos, MyTask>(MyTask &, char const *, OsWrapper::ThreadPriority, unsigned short, unsigned int *)
                         0x800'2155   0x2c  Code  Gb  main.o [1]
void Pin<Port<GPIOA>, (unsigned char)5, PinWriteable>::Reset<PinWriteable, void>()
                         0x800'2c79    0xa  Code  Gb  main.o [1]
void Pin<Port<GPIOA>, (unsigned char)5, PinWriteable>::Set<PinWriteable, void>()
                         0x800'2c65    0xa  Code  Gb  main.o [1]
void Pin<Port<GPIOA>, (unsigned char)5, PinWriteable>::Toggle<PinWriteable, void>()
                         0x800'2c8d    0xa  Code  Gb  main.o [1]
void Pin<Port<GPIOC>, (unsigned char)5, PinWriteable>::Reset<PinWriteable, void>()
                         0x800'2c83    0xa  Code  Gb  main.o [1]
void Pin<Port<GPIOC>, (unsigned char)5, PinWriteable>::Set<PinWriteable, void>()
                         0x800'2c6f    0xa  Code  Gb  main.o [1]
void Pin<Port<GPIOC>, (unsigned char)5, PinWriteable>::Toggle<PinWriteable, void>()
                         0x800'2c97    0xa  Code  Gb  main.o [1]
void Pin<Port<GPIOC>, (unsigned char)8, PinWriteable>::Reset<PinWriteable, void>()
                         0x800'2c41    0xc  Code  Gb  main.o [1]
void Pin<Port<GPIOC>, (unsigned char)8, PinWriteable>::Set<PinWriteable, void>()
                         0x800'2c29    0xc  Code  Gb  main.o [1]
void Pin<Port<GPIOC>, (unsigned char)8, PinWriteable>::Toggle<PinWriteable, void>()
                         0x800'2c59    0xc  Code  Gb  main.o [1]
void Pin<Port<GPIOC>, (unsigned char)9, PinWriteable>::Reset<PinWriteable, void>()
                         0x800'2c35    0xc  Code  Gb  main.o [1]
void Pin<Port<GPIOC>, (unsigned char)9, PinWriteable>::Set<PinWriteable, void>()
                         0x800'2c1d    0xc  Code  Gb  main.o [1]
void Pin<Port<GPIOC>, (unsigned char)9, PinWriteable>::Toggle<PinWriteable, void>()
                         0x800'2c4d    0xc  Code  Gb  main.o [1]
void Register<(unsigned int)1073874944, (unsigned int)32, ReadWriteMode, GPIOC::GPIOCMODERBase, FieldValue<GPIOC_MODER_MODER15_Values<GPIOC::MODER, (unsigned int)10, (unsigned int)2, ReadWriteMode, GPIOC::GPIOCMODERBase>, GPIOC::GPIOCMODERBase, (unsigned int)1>, FieldValue<GPIOC_MODER_MODER15_Values<GPIOC::MODER, (unsigned int)16, (unsigned int)2, ReadWriteMode, GPIOC::GPIOCMODERBase>, GPIOC::GPIOCMODERBase, (unsigned int)1>, FieldValue<GPIOC_MODER_MODER15_Values<GPIOC::MODER, (unsigned int)18, (unsigned int)2, ReadWriteMode, GPIOC::GPIOCMODERBase>, GPIOC::GPIOCMODERBase, (unsigned int)1>>::Set<ReadWriteMode, void>()
                         0x800'1ff1   0x1c  Code  Gb  main.o [1]
void Register<(unsigned int)1073887280, (unsigned int)32, ReadWriteMode, RCC::RCCAHB1ENRBase, FieldValue<RCC_AHB1ENR_DMA2EN_Values<RCC::AHB1ENR, (unsigned int)2, (unsigned int)1, ReadWriteMode, RCC::RCCAHB1ENRBase>, RCC::RCCAHB1ENRBase, (unsigned int)1>, FieldValue<RCC_AHB1ENR_DMA2EN_Values<RCC::AHB1ENR, (unsigned int)0, (unsigned int)1, ReadWriteMode, RCC::RCCAHB1ENRBase>, RCC::RCCAHB1ENRBase, (unsigned int)1>>::Set<ReadWriteMode, void>()
                         0x800'1fb5   0x14  Code  Gb  main.o [1]
void RegisterBase<(unsigned int)1073872916, (unsigned int)32, ReadWriteMode>::Toggle<ReadWriteMode, void>(unsigned int)
                         0x800'28b5   0x10  Code  Gb  main.o [1]
void RegisterBase<(unsigned int)1073872920, (unsigned int)32, WriteMode>::Write<WriteMode, void>(unsigned int)
                         0x800'27dd    0xc  Code  Gb  main.o [1]
void RegisterBase<(unsigned int)1073874964, (unsigned int)32, ReadWriteMode>::Toggle<ReadWriteMode, void>(unsigned int)
                         0x800'28ed   0x10  Code  Gb  main.o [1]
void RegisterBase<(unsigned int)1073874968, (unsigned int)32, WriteMode>::Write<WriteMode, void>(unsigned int)
                         0x800'2831    0xc  Code  Gb  main.o [1]
xActiveTimerList1       0x2000'0dbc   0x14  Data  Lc  timers.o [1]
xActiveTimerList2       0x2000'0dd0   0x14  Data  Lc  timers.o [1]
xDelayedTaskList1       0x2000'0d6c   0x14  Data  Lc  tasks.o [1]
xDelayedTaskList2       0x2000'0d80   0x14  Data  Lc  tasks.o [1]
xEventGroupCreateStatic
                         0x800'1a65   0x16  Code  Gb  event_groups.o [1]
xEventGroupSetBits       0x800'1b4d   0x82  Code  Gb  event_groups.o [1]
xEventGroupWaitBits      0x800'1a7b   0xce  Code  Gb  event_groups.o [1]
xIdleTaskHandle         0x2000'0e38    0x4  Data  Lc  tasks.o [1]
xNextTaskUnblockTime    0x2000'0e34    0x4  Data  Lc  tasks.o [1]
xNumOfOverflows         0x2000'0e2c    0x4  Data  Lc  tasks.o [1]
xPendingReadyList       0x2000'0d94   0x14  Data  Lc  tasks.o [1]
xPortPendSVHandler       0x800'1029         Code  Gb  portasm.o [1]
xPortStartScheduler      0x800'0b29   0x88  Code  Gb  port.o [1]
xPortSysTickHandler      0x800'0be9   0x28  Code  Gb  port.o [1]
xQueueGenericCreateStatic
                         0x800'114f   0x38  Code  Gb  queue.o [1]
xQueueGenericReceive     0x800'1383  0x18e  Code  Gb  queue.o [1]
xQueueGenericReset       0x800'10d1   0x7e  Code  Gb  queue.o [1]
xQueueGenericSend        0x800'11a3  0x142  Code  Gb  queue.o [1]
xQueueGenericSendFromISR
                         0x800'12e5   0x9e  Code  Gb  queue.o [1]
xQueueRegistry          0x2000'0cec   0x40  Data  Gb  queue.o [1]
xSchedulerRunning       0x2000'0e20    0x4  Data  Lc  tasks.o [1]
xSuspendedTaskList      0x2000'0da8   0x14  Data  Lc  tasks.o [1]
xTaskCheckForTimeOut     0x800'0719   0x5a  Code  Gb  tasks.o [1]
xTaskCreateStatic        0x800'0199   0x36  Code  Gb  tasks.o [1]
xTaskGetSchedulerState   0x800'07fd   0x1e  Code  Gb  tasks.o [1]
xTaskGetTickCount        0x800'0491    0x8  Code  Gb  tasks.o [1]
xTaskIncrementTick       0x800'0499   0xe6  Code  Gb  tasks.o [1]
xTaskPriorityDisinherit
                         0x800'08a5   0x7e  Code  Gb  tasks.o [1]
xTaskRemoveFromEventList
                         0x800'063d   0x6e  Code  Gb  tasks.o [1]
xTaskRemoveFromUnorderedEventList
                         0x800'06ab   0x5c  Code  Gb  tasks.o [1]
xTaskResumeAll           0x800'03c1   0xd0  Code  Gb  tasks.o [1]
xTickCount              0x2000'0e18    0x4  Data  Lc  tasks.o [1]
xTimerCreateTimerTask    0x800'0c75   0x56  Code  Gb  timers.o [1]
xTimerGenericCommand     0x800'0ccb   0x50  Code  Gb  timers.o [1]
xTimerPendFunctionCallFromISR
                         0x800'0fd7   0x22  Code  Gb  timers.o [1]
xTimerQueue             0x2000'0e48    0x4  Data  Lc  timers.o [1]
xTimerTaskHandle        0x2000'0e4c    0x4  Data  Lc  timers.o [1]
xYieldPending           0x2000'0e28    0x4  Data  Lc  tasks.o [1]


[1] = C:\GitHub\RtosWrapper\Debug\Obj
[2] = dl7M_tln.a
[3] = dlpp7M_tl_nc.a
[4] = m7M_tls.a
[5] = rt7M_tl.a
[6] = shb_l.a

  10'283 bytes of readonly  code memory
   1'337 bytes of readonly  data memory
   4'337 bytes of readwrite data memory

Errors: none
Warnings: none
