###############################################################################
#
# IAR ANSI C/C++ Compiler V8.40.2.214/W32 for ARM         21/Mar/2020  14:05:06
# Copyright 1999-2019 IAR Systems AB.
#
#    Cpu mode     =  
#    Endian       =  little
#    Source file  =
#        C:\GitHub\RtosWrapper\AHardware\IrqController\irqcontroller.cpp
#    Command line =
#        -f C:\Users\Serge\AppData\Local\Temp\EW66F8.tmp
#        (C:\GitHub\RtosWrapper\AHardware\IrqController\irqcontroller.cpp -lC
#        C:\GitHub\RtosWrapper\Debug\List -lA C:\GitHub\RtosWrapper\Debug\List
#        -o C:\GitHub\RtosWrapper\Debug\Obj --no_cse --no_unroll --no_inline
#        --no_code_motion --no_tbaa --no_clustering --no_scheduling --debug
#        --endian=little --cpu=Cortex-M4 -e --fpu=VFPv4_sp --dlib_config
#        "C:\Program Files (x86)\IAR Systems\Embedded Workbench
#        8.3\arm\inc\c\DLib_Config_Normal.h" -I C:\GitHub\RtosWrapper\Rtos\ -I
#        C:\GitHub\RtosWrapper\Rtos\wrapper\ -I
#        C:\GitHub\RtosWrapper\Rtos\wrapper\FreeRtos\ -I
#        C:\GitHub\RtosWrapper\Rtos\FreeRtos\ -I
#        C:\GitHub\RtosWrapper\Rtos\FreeRtos\include\ -I
#        C:\GitHub\RtosWrapper\Rtos\FreeRtos\portable\ -I
#        C:\GitHub\RtosWrapper\Rtos\FreeRtos\portable\Common\ -I
#        C:\GitHub\RtosWrapper\Rtos\FreeRtos\portable\IAR\ -I
#        C:\GitHub\RtosWrapper\Rtos\FreeRtos\portable\IAR\ARM_CM4F\ -I
#        C:\GitHub\RtosWrapper\Rtos\FreeRtos\portable\MemMang\ -I
#        C:\GitHub\RtosWrapper\MyTasks\ -I C:\GitHub\RtosWrapper\Common\ -I
#        C:\GitHub\RtosWrapper\CMSIS\ -I C:\GitHub\RtosWrapper\Application\ -I
#        C:\GitHub\RtosWrapper\Application\Diagnostic\ -I
#        C:\GitHub\RtosWrapper\AHardware\ -I
#        C:\GitHub\RtosWrapper\AHardware\GpioPort\ -I
#        C:\GitHub\RtosWrapper\AHardware\IrqController\ -I
#        C:\GitHub\RtosWrapper\..\CortexLib\AbstractHardware\Pin\ -I
#        C:\GitHub\RtosWrapper\..\CortexLib\AbstractHardware\Registers\STM32F411\FieldValues\
#        -I
#        C:\GitHub\RtosWrapper\..\CortexLib\AbstractHardware\Registers\STM32F411\
#        -I C:\GitHub\RtosWrapper\..\CortexLib\AbstractHardware\Registers\ -I
#        C:\GitHub\RtosWrapper\..\CortexLib\AbstractHardware\Port\ -I
#        C:\GitHub\RtosWrapper\..\CortexLib\AbstractHardware\Atomic\ -I
#        C:\GitHub\RtosWrapper\..\CortexLib\Common\ -I
#        C:\GitHub\RtosWrapper\..\CortexLib\Common\Singleton\ -I
#        C:\GitHub\RtosWrapper\..\CortexLib\Common\RomObject\ -Ol --c++
#        --no_exceptions --no_rtti)
#    Locale       =  C
#    List file    =  C:\GitHub\RtosWrapper\Debug\List\irqcontroller.lst
#    Object file  =  C:\GitHub\RtosWrapper\Debug\Obj\irqcontroller.o
#
###############################################################################

C:\GitHub\RtosWrapper\AHardware\IrqController\irqcontroller.cpp
      1          //
      2          // Created by Sergey on 27.08.2018.
      3          //
      4          #include "irqcontroller.hpp"
      5          #include "../../Application/userbutton.hpp"
      6          

   \                                 In section .text, align 2, keep-with-next
      7          void IrqController::HandleIrqExtiLine15_10()
      8          {
      9            //EXTI->PR = EXTI_PR_PR13 ;
     10            //UserButton::GetInstance().HandleInterrupt();
     11          }
   \                     _ZN13IrqController22HandleIrqExtiLine15_10Ev: (+1)
   \        0x0   0x4770             BX       LR               ;; return

   Maximum stack usage in bytes:

   .cstack Function
   ------- --------
       0   IrqController::HandleIrqExtiLine15_10()


   Section sizes:

   Bytes  Function/Label
   -----  --------------
       2  IrqController::HandleIrqExtiLine15_10()

 
 2 bytes in section .text
 
 2 bytes of CODE memory

Errors: none
Warnings: none
